// Jest Snapshot v1, https://goo.gl/fbAQLP

exports[`NotFound component should render message 1`] = `
<DocumentFragment>
  <div
    class="not-found text-center"
  >
    <h1
      class="not-found__404"
    >
      404!
    </h1>
    <h1
      class="not-found__text"
    >
      Sorry this page does not exist.
    </h1>
  </div>
</DocumentFragment>
`;
