// Jest Snapshot v1, https://goo.gl/fbAQLP

exports[`PasswordReset should render form labels 1`] = `
<DocumentFragment>
  <div
    class="container-content"
  >
    <form
      class="password-reset"
    >
      <div
        class="form-group"
      >
        <label
          class="bmd-label-floating"
          for="user-email"
        >
          Email
        </label>
        <input
          class="form-control"
          disabled=""
          id="user-email"
          type="email"
          value=""
        />
      </div>
      <div
        class="form-group"
      >
        <label
          class="bmd-label-floating"
          for="password-reset"
        >
          New Password
        </label>
        <input
          autocomplete="new-password"
          class="form-control"
          id="password-reset"
          name="password"
          type="password"
        />
        <div
          data-testid="reset-password-icon"
          id="reset-password-icon"
          role="button"
          tabindex="0"
        >
          <ion-icon
            class="hide"
            id="password-reset-remove-hide"
            name="eye-off"
          />
          <ion-icon
            id="password-reset-add-hide"
            name="eye"
          />
        </div>
      </div>
      <div
        class="form-group password-reset__button"
      >
        <button
          class="btn btn-primary btn-raised text-case"
          type="button"
        >
          Save password
        </button>
      </div>
    </form>
  </div>
</DocumentFragment>
`;
