// Jest Snapshot v1, https://goo.gl/fbAQLP

exports[`Table should render 1`] = `
<DocumentFragment>
  <div
    class="table-panel"
  >
    <table
      class="table table-striped"
    >
      <thead>
        <tr>
          <th
            scope="col"
          >
            UserId
          </th>
          <th
            scope="col"
          >
            Username
          </th>
          <th
            scope="col"
          >
            Email
          </th>
          <th
            scope="col"
          >
            Role
          </th>
        </tr>
      </thead>
      <tbody />
    </table>
  </div>
</DocumentFragment>
`;
